
> zaroda-sports-management-system@0.0.0 test
> vitest run

